==3366347==    by 0x4893A0F: rl_initialize (in /usr/lib/x86_64-linux-gnu/libreadline.so.8.1)
==3366348==    by 0x4AFD377: ??? (in /usr/lib/x86_64-linux-gnu/libtinfo.so.6.3)
==3366347==    by 0x4893CD4: readline (in /usr/lib/x86_64-linux-gnu/libreadline.so.8.1)
==3366348==    by 0x4AFFBF8: _nc_first_db (in /usr/lib/x86_64-linux-gnu/libtinfo.so.6.3)
==3366347==    by 0x10964C: main_loop (in /home/tcensier/Documents/Perso/Minishell_42/minishell)
==3366348==    by 0x4B09696: _nc_read_entry2 (in /usr/lib/x86_64-linux-gnu/libtinfo.so.6.3)
==3366347==    by 0x1097C3: main (in /home/tcensier/Documents/Perso/Minishell_42/minishell)
==3366348==    by 0x4B09711: ??? (in /usr/lib/x86_64-linux-gnu/libtinfo.so.6.3)
==3366347== 
==3366348==    by 0x4B09866: _nc_setupterm (in /usr/lib/x86_64-linux-gnu/libtinfo.so.6.3)
==3366348==    by 0x4B0A4C9: tgetent_sp (in /usr/lib/x86_64-linux-gnu/libtinfo.so.6.3)
==3366347== 72 bytes in 3 blocks are still reachable in loss record 33 of 93
==3366348==    by 0x48A71CD: _rl_init_terminal_io (in /usr/lib/x86_64-linux-gnu/libreadline.so.8.1)
==3366347==    at 0x4848899: malloc (in /usr/libexec/valgrind/vgpreload_memcheck-amd64-linux.so)
==3366348==    by 0x4893A0F: rl_initialize (in /usr/lib/x86_64-linux-gnu/libreadline.so.8.1)
==3366347==    by 0x10D5E1: create_token (in /home/tcensier/Documents/Perso/Minishell_42/minishell)
==3366348==    by 0x4893CD4: readline (in /usr/lib/x86_64-linux-gnu/libreadline.so.8.1)
==3366347==    by 0x10C161: save_token (in /home/tcensier/Documents/Perso/Minishell_42/minishell)
==3366348==    by 0x10964C: main_loop (in /home/tcensier/Documents/Perso/Minishell_42/minishell)
==3366347==    by 0x10C2B5: tokenize (in /home/tcensier/Documents/Perso/Minishell_42/minishell)
==3366348== 
==3366347==    by 0x10CB09: build_command (in /home/tcensier/Documents/Perso/Minishell_42/minishell)
==3366347==    by 0x10CCE0: command_builder (in /home/tcensier/Documents/Perso/Minishell_42/minishell)
==3366348== 15 bytes in 1 blocks are still reachable in loss record 12 of 93
==3366347==    by 0x109605: parse_input (in /home/tcensier/Documents/Perso/Minishell_42/minishell)
==3366348==    at 0x4848899: malloc (in /usr/libexec/valgrind/vgpreload_memcheck-amd64-linux.so)
==3366347==    by 0x1096D9: main_loop (in /home/tcensier/Documents/Perso/Minishell_42/minishell)
==3366348==    by 0x496E58E: strdup (strdup.c:42)
==3366347==    by 0x1097C3: main (in /home/tcensier/Documents/Perso/Minishell_42/minishell)
==3366348==    by 0x4B098AE: _nc_setupterm (in /usr/lib/x86_64-linux-gnu/libtinfo.so.6.3)
==3366347== 
==3366348==    by 0x4B0A4C9: tgetent_sp (in /usr/lib/x86_64-linux-gnu/libtinfo.so.6.3)
==3366348==    by 0x48A71CD: _rl_init_terminal_io (in /usr/lib/x86_64-linux-gnu/libreadline.so.8.1)
==3366347== 72 bytes in 6 blocks are still reachable in loss record 34 of 93
==3366348==    by 0x4893A0F: rl_initialize (in /usr/lib/x86_64-linux-gnu/libreadline.so.8.1)
==3366347==    at 0x4848899: malloc (in /usr/libexec/valgrind/vgpreload_memcheck-amd64-linux.so)
==3366348==    by 0x4893CD4: readline (in /usr/lib/x86_64-linux-gnu/libreadline.so.8.1)
==3366347==    by 0x48ABBAC: xmalloc (in /usr/lib/x86_64-linux-gnu/libreadline.so.8.1)
==3366348==    by 0x10964C: main_loop (in /home/tcensier/Documents/Perso/Minishell_42/minishell)
==3366347==    by 0x48A4F28: add_history (in /usr/lib/x86_64-linux-gnu/libreadline.so.8.1)
==3366348==    by 0x1097C3: main (in /home/tcensier/Documents/Perso/Minishell_42/minishell)
==3366347==    by 0x1096AE: main_loop (in /home/tcensier/Documents/Perso/Minishell_42/minishell)
==3366348== 
==3366347==    by 0x1097C3: main (in /home/tcensier/Documents/Perso/Minishell_42/minishell)
==3366347== 
==3366348== 16 bytes in 1 blocks are still reachable in loss record 13 of 93
==3366348==    at 0x4848899: malloc (in /usr/libexec/valgrind/vgpreload_memcheck-amd64-linux.so)
==3366347== 78 bytes in 1 blocks are still reachable in loss record 35 of 93
==3366348==    by 0x111A42: ft_strdup (in /home/tcensier/Documents/Perso/Minishell_42/minishell)
==3366347==    at 0x4848899: malloc (in /usr/libexec/valgrind/vgpreload_memcheck-amd64-linux.so)
==3366348==    by 0x11035B: new_node (in /home/tcensier/Documents/Perso/Minishell_42/minishell)
==3366347==    by 0x4AFE04B: ??? (in /usr/lib/x86_64-linux-gnu/libtinfo.so.6.3)
==3366348==    by 0x11044D: create_node (in /home/tcensier/Documents/Perso/Minishell_42/minishell)
==3366347==    by 0x4B0987D: _nc_setupterm (in /usr/lib/x86_64-linux-gnu/libtinfo.so.6.3)
==3366348==    by 0x10FD4E: insert_node (in /home/tcensier/Documents/Perso/Minishell_42/minishell)
==3366347==    by 0x4B0A4C9: tgetent_sp (in /usr/lib/x86_64-linux-gnu/libtinfo.so.6.3)
==3366348==    by 0x10FF13: envcpy (in /home/tcensier/Documents/Perso/Minishell_42/minishell)
==3366347==    by 0x48A71CD: _rl_init_terminal_io (in /usr/lib/x86_64-linux-gnu/libreadline.so.8.1)
==3366348==    by 0x1097B7: main (in /home/tcensier/Documents/Perso/Minishell_42/minishell)
==3366347==    by 0x4893A0F: rl_initialize (in /usr/lib/x86_64-linux-gnu/libreadline.so.8.1)
==3366348== 
==3366347==    by 0x4893CD4: readline (in /usr/lib/x86_64-linux-gnu/libreadline.so.8.1)
==3366348== 16 bytes in 1 blocks are still reachable in loss record 14 of 93
==3366347==    by 0x10964C: main_loop (in /home/tcensier/Documents/Perso/Minishell_42/minishell)
==3366348==    at 0x4848899: malloc (in /usr/libexec/valgrind/vgpreload_memcheck-amd64-linux.so)
==3366347==    by 0x1097C3: main (in /home/tcensier/Documents/Perso/Minishell_42/minishell)
==3366348==    by 0x4893B26: rl_initialize (in /usr/lib/x86_64-linux-gnu/libreadline.so.8.1)
==3366347== 
==3366348==    by 0x4893CD4: readline (in /usr/lib/x86_64-linux-gnu/libreadline.so.8.1)
==3366348==    by 0x10964C: main_loop (in /home/tcensier/Documents/Perso/Minishell_42/minishell)
==3366347== 88 bytes in 1 blocks are still reachable in loss record 36 of 93
==3366348==    by 0x1097C3: main (in /home/tcensier/Documents/Perso/Minishell_42/minishell)
==3366347==    at 0x4848899: malloc (in /usr/libexec/valgrind/vgpreload_memcheck-amd64-linux.so)
==3366348== 
==3366347==    by 0x111707: ft_calloc (in /home/tcensier/Documents/Perso/Minishell_42/minishell)
==3366347==    by 0x10976C: main (in /home/tcensier/Documents/Perso/Minishell_42/minishell)
==3366348== 17 bytes in 1 blocks are still reachable in loss record 15 of 93
==3366347== 
==3366348==    at 0x4848899: malloc (in /usr/libexec/valgrind/vgpreload_memcheck-amd64-linux.so)
==3366348==    by 0x111A42: ft_strdup (in /home/tcensier/Documents/Perso/Minishell_42/minishell)
==3366347== 93 bytes in 1 blocks are still reachable in loss record 37 of 93
==3366348==    by 0x110327: new_node (in /home/tcensier/Documents/Perso/Minishell_42/minishell)
==3366347==    at 0x4848899: malloc (in /usr/libexec/valgrind/vgpreload_memcheck-amd64-linux.so)
==3366348==    by 0x11044D: create_node (in /home/tcensier/Documents/Perso/Minishell_42/minishell)
==3366347==    by 0x496E58E: strdup (strdup.c:42)
==3366348==    by 0x10FD4E: insert_node (in /home/tcensier/Documents/Perso/Minishell_42/minishell)
==3366347==    by 0x4B01D54: ??? (in /usr/lib/x86_64-linux-gnu/libtinfo.so.6.3)
==3366348==    by 0x10FF13: envcpy (in /home/tcensier/Documents/Perso/Minishell_42/minishell)
==3366347==    by 0x4B05098: _nc_tiparm (in /usr/lib/x86_64-linux-gnu/libtinfo.so.6.3)
==3366348==    by 0x1097B7: main (in /home/tcensier/Documents/Perso/Minishell_42/minishell)
==3366347==    by 0x4B0BC7D: ??? (in /usr/lib/x86_64-linux-gnu/libtinfo.so.6.3)
==3366348== 
==3366347==    by 0x4B0BD09: _nc_trim_sgr0 (in /usr/lib/x86_64-linux-gnu/libtinfo.so.6.3)
==3366347==    by 0x4B0A6A8: tgetent_sp (in /usr/lib/x86_64-linux-gnu/libtinfo.so.6.3)
==3366348== 20 bytes in 1 blocks are still reachable in loss record 16 of 93
==3366347==    by 0x48A71CD: _rl_init_terminal_io (in /usr/lib/x86_64-linux-gnu/libreadline.so.8.1)
==3366348==    at 0x4848899: malloc (in /usr/libexec/valgrind/vgpreload_memcheck-amd64-linux.so)
==3366347==    by 0x4893A0F: rl_initialize (in /usr/lib/x86_64-linux-gnu/libreadline.so.8.1)
==3366348==    by 0x48ABBAC: xmalloc (in /usr/lib/x86_64-linux-gnu/libreadline.so.8.1)
==3366347==    by 0x4893CD4: readline (in /usr/lib/x86_64-linux-gnu/libreadline.so.8.1)
==3366348==    by 0x4896D8B: ??? (in /usr/lib/x86_64-linux-gnu/libreadline.so.8.1)
==3366347==    by 0x10964C: main_loop (in /home/tcensier/Documents/Perso/Minishell_42/minishell)
==3366348==    by 0x48996C9: rl_parse_and_bind (in /usr/lib/x86_64-linux-gnu/libreadline.so.8.1)
==3366347==    by 0x1097C3: main (in /home/tcensier/Documents/Perso/Minishell_42/minishell)
==3366348==    by 0x4899B6C: ??? (in /usr/lib/x86_64-linux-gnu/libreadline.so.8.1)
==3366347== 
==3366348==    by 0x4893A38: rl_initialize (in /usr/lib/x86_64-linux-gnu/libreadline.so.8.1)
==3366348==    by 0x4893CD4: readline (in /usr/lib/x86_64-linux-gnu/libreadline.so.8.1)
==3366347== 94 bytes in 1 blocks are still reachable in loss record 38 of 93
==3366348==    by 0x10964C: main_loop (in /home/tcensier/Documents/Perso/Minishell_42/minishell)
==3366347==    at 0x4848899: malloc (in /usr/libexec/valgrind/vgpreload_memcheck-amd64-linux.so)
==3366348==    by 0x1097C3: main (in /home/tcensier/Documents/Perso/Minishell_42/minishell)
==3366347==    by 0x4B0195B: _nc_tparm_analyze (in /usr/lib/x86_64-linux-gnu/libtinfo.so.6.3)
==3366348== 
==3366347==    by 0x4B01C62: ??? (in /usr/lib/x86_64-linux-gnu/libtinfo.so.6.3)
==3366347==    by 0x4B05098: _nc_tiparm (in /usr/lib/x86_64-linux-gnu/libtinfo.so.6.3)
==3366348== 20 bytes in 1 blocks are still reachable in loss record 17 of 93
==3366347==    by 0x4B0BC7D: ??? (in /usr/lib/x86_64-linux-gnu/libtinfo.so.6.3)
==3366348==    at 0x4848899: malloc (in /usr/libexec/valgrind/vgpreload_memcheck-amd64-linux.so)
==3366347==    by 0x4B0BD09: _nc_trim_sgr0 (in /usr/lib/x86_64-linux-gnu/libtinfo.so.6.3)
==3366348==    by 0x10A1A9: configure_redirections (in /home/tcensier/Documents/Perso/Minishell_42/minishell)
==3366347==    by 0x4B0A6A8: tgetent_sp (in /usr/lib/x86_64-linux-gnu/libtinfo.so.6.3)
==3366348==    by 0x10CB5A: build_command (in /home/tcensier/Documents/Perso/Minishell_42/minishell)
==3366347==    by 0x48A71CD: _rl_init_terminal_io (in /usr/lib/x86_64-linux-gnu/libreadline.so.8.1)
==3366348==    by 0x10CCE0: command_builder (in /home/tcensier/Documents/Perso/Minishell_42/minishell)
==3366347==    by 0x4893A0F: rl_initialize (in /usr/lib/x86_64-linux-gnu/libreadline.so.8.1)
==3366348==    by 0x109605: parse_input (in /home/tcensier/Documents/Perso/Minishell_42/minishell)
==3366347==    by 0x4893CD4: readline (in /usr/lib/x86_64-linux-gnu/libreadline.so.8.1)
==3366348==    by 0x1096D9: main_loop (in /home/tcensier/Documents/Perso/Minishell_42/minishell)
==3366347==    by 0x10964C: main_loop (in /home/tcensier/Documents/Perso/Minishell_42/minishell)
==3366348==    by 0x1097C3: main (in /home/tcensier/Documents/Perso/Minishell_42/minishell)
==3366347==    by 0x1097C3: main (in /home/tcensier/Documents/Perso/Minishell_42/minishell)
==3366348== 
==3366347== 
==3366348== 24 bytes in 1 blocks are still reachable in loss record 18 of 93
==3366347== 96 bytes in 1 blocks are still reachable in loss record 39 of 93
==3366348==    at 0x4848899: malloc (in /usr/libexec/valgrind/vgpreload_memcheck-amd64-linux.so)
==3366347==    at 0x4848899: malloc (in /usr/libexec/valgrind/vgpreload_memcheck-amd64-linux.so)
==3366348==    by 0x110306: new_node (in /home/tcensier/Documents/Perso/Minishell_42/minishell)
==3366347==    by 0x4AFF79A: _nc_first_db (in /usr/lib/x86_64-linux-gnu/libtinfo.so.6.3)
==3366348==    by 0x11044D: create_node (in /home/tcensier/Documents/Perso/Minishell_42/minishell)
==3366347==    by 0x4B09696: _nc_read_entry2 (in /usr/lib/x86_64-linux-gnu/libtinfo.so.6.3)
==3366348==    by 0x10FD4E: insert_node (in /home/tcensier/Documents/Perso/Minishell_42/minishell)
==3366347==    by 0x4B09711: ??? (in /usr/lib/x86_64-linux-gnu/libtinfo.so.6.3)
==3366348==    by 0x10FF13: envcpy (in /home/tcensier/Documents/Perso/Minishell_42/minishell)
==3366347==    by 0x4B09866: _nc_setupterm (in /usr/lib/x86_64-linux-gnu/libtinfo.so.6.3)
==3366348==    by 0x1097B7: main (in /home/tcensier/Documents/Perso/Minishell_42/minishell)
==3366347==    by 0x4B0A4C9: tgetent_sp (in /usr/lib/x86_64-linux-gnu/libtinfo.so.6.3)
==3366348== 
==3366347==    by 0x48A71CD: _rl_init_terminal_io (in /usr/lib/x86_64-linux-gnu/libreadline.so.8.1)
==3366347==    by 0x4893A0F: rl_initialize (in /usr/lib/x86_64-linux-gnu/libreadline.so.8.1)
==3366347==    by 0x4893CD4: readline (in /usr/lib/x86_64-linux-gnu/libreadline.so.8.1)
==3366348== 24 bytes in 1 blocks are still reachable in loss record 19 of 93
==3366347==    by 0x10964C: main_loop (in /home/tcensier/Documents/Perso/Minishell_42/minishell)
==3366348==    at 0x4848899: malloc (in /usr/libexec/valgrind/vgpreload_memcheck-amd64-linux.so)
==3366347==    by 0x1097C3: main (in /home/tcensier/Documents/Perso/Minishell_42/minishell)
==3366347== 
==3366348==    by 0x49E6124: tsearch (tsearch.c:337)
==3366348==    by 0x4B01D6E: ??? (in /usr/lib/x86_64-linux-gnu/libtinfo.so.6.3)
==3366347== 96 bytes in 4 blocks are still reachable in loss record 40 of 93
==3366348==    by 0x4B05098: _nc_tiparm (in /usr/lib/x86_64-linux-gnu/libtinfo.so.6.3)
==3366347==    at 0x4848899: malloc (in /usr/libexec/valgrind/vgpreload_memcheck-amd64-linux.so)
==3366348==    by 0x4B0BC7D: ??? (in /usr/lib/x86_64-linux-gnu/libtinfo.so.6.3)
==3366347==    by 0x10D5E1: create_token (in /home/tcensier/Documents/Perso/Minishell_42/minishell)
==3366348==    by 0x4B0BD09: _nc_trim_sgr0 (in /usr/lib/x86_64-linux-gnu/libtinfo.so.6.3)
==3366347==    by 0x10C5AC: save_redir (in /home/tcensier/Documents/Perso/Minishell_42/minishell)
==3366348==    by 0x4B0A6A8: tgetent_sp (in /usr/lib/x86_64-linux-gnu/libtinfo.so.6.3)
==3366347==    by 0x10C320: tokenize (in /home/tcensier/Documents/Perso/Minishell_42/minishell)
==3366348==    by 0x48A71CD: _rl_init_terminal_io (in /usr/lib/x86_64-linux-gnu/libreadline.so.8.1)
==3366347==    by 0x10CB09: build_command (in /home/tcensier/Documents/Perso/Minishell_42/minishell)
==3366348==    by 0x4893A0F: rl_initialize (in /usr/lib/x86_64-linux-gnu/libreadline.so.8.1)
==3366347==    by 0x10CCE0: command_builder (in /home/tcensier/Documents/Perso/Minishell_42/minishell)
==3366348==    by 0x4893CD4: readline (in /usr/lib/x86_64-linux-gnu/libreadline.so.8.1)
==3366347==    by 0x109605: parse_input (in /home/tcensier/Documents/Perso/Minishell_42/minishell)
==3366348==    by 0x10964C: main_loop (in /home/tcensier/Documents/Perso/Minishell_42/minishell)
==3366347==    by 0x1096D9: main_loop (in /home/tcensier/Documents/Perso/Minishell_42/minishell)
==3366348==    by 0x1097C3: main (in /home/tcensier/Documents/Perso/Minishell_42/minishell)
==3366347==    by 0x1097C3: main (in /home/tcensier/Documents/Perso/Minishell_42/minishell)
==3366348== 
==3366347== 
==3366348== 24 bytes in 1 blocks are still reachable in loss record 20 of 93
==3366347== 96 bytes in 4 blocks are still reachable in loss record 41 of 93
==3366348==    at 0x4848899: malloc (in /usr/libexec/valgrind/vgpreload_memcheck-amd64-linux.so)
==3366347==    at 0x4848899: malloc (in /usr/libexec/valgrind/vgpreload_memcheck-amd64-linux.so)
==3366348==    by 0x1099CA: init_cmd_array (in /home/tcensier/Documents/Perso/Minishell_42/minishell)
==3366347==    by 0x10D5E1: create_token (in /home/tcensier/Documents/Perso/Minishell_42/minishell)
==3366348==    by 0x109A33: split_by_commands (in /home/tcensier/Documents/Perso/Minishell_42/minishell)
==3366347==    by 0x10C4A6: isolate_redir_no_spaces (in /home/tcensier/Documents/Perso/Minishell_42/minishell)
==3366348==    by 0x1095E1: parse_input (in /home/tcensier/Documents/Perso/Minishell_42/minishell)
==3366347==    by 0x10C61B: save_redir (in /home/tcensier/Documents/Perso/Minishell_42/minishell)
==3366348==    by 0x1096D9: main_loop (in /home/tcensier/Documents/Perso/Minishell_42/minishell)
==3366347==    by 0x10C320: tokenize (in /home/tcensier/Documents/Perso/Minishell_42/minishell)
==3366348==    by 0x1097C3: main (in /home/tcensier/Documents/Perso/Minishell_42/minishell)
==3366347==    by 0x10CB09: build_command (in /home/tcensier/Documents/Perso/Minishell_42/minishell)
==3366348== 
==3366347==    by 0x10CCE0: command_builder (in /home/tcensier/Documents/Perso/Minishell_42/minishell)
==3366347==    by 0x109605: parse_input (in /home/tcensier/Documents/Perso/Minishell_42/minishell)
==3366348== 25 bytes in 1 blocks are still reachable in loss record 21 of 93
==3366347==    by 0x1096D9: main_loop (in /home/tcensier/Documents/Perso/Minishell_42/minishell)
==3366348==    at 0x4848899: malloc (in /usr/libexec/valgrind/vgpreload_memcheck-amd64-linux.so)
==3366347==    by 0x1097C3: main (in /home/tcensier/Documents/Perso/Minishell_42/minishell)
==3366348==    by 0x48ABBAC: xmalloc (in /usr/lib/x86_64-linux-gnu/libreadline.so.8.1)
==3366347== 
==3366348==    by 0x48881E3: rl_set_prompt (in /usr/lib/x86_64-linux-gnu/libreadline.so.8.1)
==3366348==    by 0x4893CCF: readline (in /usr/lib/x86_64-linux-gnu/libreadline.so.8.1)
==3366347== 115 bytes in 6 blocks are still reachable in loss record 42 of 93
==3366348==    by 0x10964C: main_loop (in /home/tcensier/Documents/Perso/Minishell_42/minishell)
==3366347==    at 0x4848899: malloc (in /usr/libexec/valgrind/vgpreload_memcheck-amd64-linux.so)
==3366348==    by 0x1097C3: main (in /home/tcensier/Documents/Perso/Minishell_42/minishell)
==3366347==    by 0x48ABBAC: xmalloc (in /usr/lib/x86_64-linux-gnu/libreadline.so.8.1)
==3366348== 
==3366347==    by 0x48A2B39: alloc_history_entry (in /usr/lib/x86_64-linux-gnu/libreadline.so.8.1)
==3366348== 25 bytes in 1 blocks are still reachable in loss record 22 of 93
==3366347==    by 0x48A4F65: add_history (in /usr/lib/x86_64-linux-gnu/libreadline.so.8.1)
==3366348==    at 0x4848899: malloc (in /usr/libexec/valgrind/vgpreload_memcheck-amd64-linux.so)
==3366347==    by 0x1096AE: main_loop (in /home/tcensier/Documents/Perso/Minishell_42/minishell)
==3366348==    by 0x48ABBAC: xmalloc (in /usr/lib/x86_64-linux-gnu/libreadline.so.8.1)
==3366347==    by 0x1097C3: main (in /home/tcensier/Documents/Perso/Minishell_42/minishell)
==3366348==    by 0x48985F2: ??? (in /usr/lib/x86_64-linux-gnu/libreadline.so.8.1)
==3366347== 
==3366348==    by 0x4898E0D: rl_expand_prompt (in /usr/lib/x86_64-linux-gnu/libreadline.so.8.1)
==3366348==    by 0x48881BF: rl_set_prompt (in /usr/lib/x86_64-linux-gnu/libreadline.so.8.1)
==3366347== 144 bytes in 1 blocks are still reachable in loss record 43 of 93
==3366348==    by 0x4893CCF: readline (in /usr/lib/x86_64-linux-gnu/libreadline.so.8.1)
==3366347==    at 0x4848899: malloc (in /usr/libexec/valgrind/vgpreload_memcheck-amd64-linux.so)
==3366348==    by 0x10964C: main_loop (in /home/tcensier/Documents/Perso/Minishell_42/minishell)
==3366347==    by 0x111707: ft_calloc (in /home/tcensier/Documents/Perso/Minishell_42/minishell)
==3366348==    by 0x1097C3: main (in /home/tcensier/Documents/Perso/Minishell_42/minishell)
==3366347==    by 0x10CC1B: command_builder (in /home/tcensier/Documents/Perso/Minishell_42/minishell)
==3366348== 
==3366347==    by 0x109605: parse_input (in /home/tcensier/Documents/Perso/Minishell_42/minishell)
==3366347==    by 0x1096D9: main_loop (in /home/tcensier/Documents/Perso/Minishell_42/minishell)
==3366348== 27 bytes in 1 blocks are still reachable in loss record 23 of 93
==3366347==    by 0x1097C3: main (in /home/tcensier/Documents/Perso/Minishell_42/minishell)
==3366348==    at 0x4848899: malloc (in /usr/libexec/valgrind/vgpreload_memcheck-amd64-linux.so)
==3366347== 
==3366348==    by 0x4AFF624: _nc_home_terminfo (in /usr/lib/x86_64-linux-gnu/libtinfo.so.6.3)
==3366348==    by 0x4AFFBE2: _nc_first_db (in /usr/lib/x86_64-linux-gnu/libtinfo.so.6.3)
==3366347== 144 bytes in 6 blocks are still reachable in loss record 44 of 93
==3366348==    by 0x4B09696: _nc_read_entry2 (in /usr/lib/x86_64-linux-gnu/libtinfo.so.6.3)
==3366347==    at 0x4848899: malloc (in /usr/libexec/valgrind/vgpreload_memcheck-amd64-linux.so)
==3366348==    by 0x4B09711: ??? (in /usr/lib/x86_64-linux-gnu/libtinfo.so.6.3)
==3366347==    by 0x48ABBAC: xmalloc (in /usr/lib/x86_64-linux-gnu/libreadline.so.8.1)
==3366348==    by 0x4B09866: _nc_setupterm (in /usr/lib/x86_64-linux-gnu/libtinfo.so.6.3)
==3366347==    by 0x48A2B1D: alloc_history_entry (in /usr/lib/x86_64-linux-gnu/libreadline.so.8.1)
==3366348==    by 0x4B0A4C9: tgetent_sp (in /usr/lib/x86_64-linux-gnu/libtinfo.so.6.3)
==3366347==    by 0x48A4F65: add_history (in /usr/lib/x86_64-linux-gnu/libreadline.so.8.1)
==3366348==    by 0x48A71CD: _rl_init_terminal_io (in /usr/lib/x86_64-linux-gnu/libreadline.so.8.1)
==3366347==    by 0x1096AE: main_loop (in /home/tcensier/Documents/Perso/Minishell_42/minishell)
==3366348==    by 0x4893A0F: rl_initialize (in /usr/lib/x86_64-linux-gnu/libreadline.so.8.1)
==3366347==    by 0x1097C3: main (in /home/tcensier/Documents/Perso/Minishell_42/minishell)
==3366348==    by 0x4893CD4: readline (in /usr/lib/x86_64-linux-gnu/libreadline.so.8.1)
==3366347== 
==3366348==    by 0x10964C: main_loop (in /home/tcensier/Documents/Perso/Minishell_42/minishell)
==3366348==    by 0x1097C3: main (in /home/tcensier/Documents/Perso/Minishell_42/minishell)
==3366347== 156 bytes in 1 blocks are still reachable in loss record 45 of 93
==3366348== 
==3366347==    at 0x484DCD3: realloc (in /usr/libexec/valgrind/vgpreload_memcheck-amd64-linux.so)
==3366348== 29 bytes in 1 blocks are still reachable in loss record 24 of 93
==3366347==    by 0x4AFE6CC: _nc_doalloc (in /usr/lib/x86_64-linux-gnu/libtinfo.so.6.3)
==3366348==    at 0x4848899: malloc (in /usr/libexec/valgrind/vgpreload_memcheck-amd64-linux.so)
==3366347==    by 0x4B09197: _nc_read_termtype (in /usr/lib/x86_64-linux-gnu/libtinfo.so.6.3)
==3366348==    by 0x111D5A: ft_substr (in /home/tcensier/Documents/Perso/Minishell_42/minishell)
==3366348==    by 0x109888: split_lefmost_cmd (in /home/tcensier/Documents/Perso/Minishell_42/minishell)
==3366348==    by 0x109A9B: split_by_commands (in /home/tcensier/Documents/Perso/Minishell_42/minishell)
==3366347==    by 0x4B0952A: ??? (in /usr/lib/x86_64-linux-gnu/libtinfo.so.6.3)
==3366348==    by 0x1095E1: parse_input (in /home/tcensier/Documents/Perso/Minishell_42/minishell)
==3366347==    by 0x4B0BC40: ??? (in /usr/lib/x86_64-linux-gnu/libtinfo.so.6.3)
==3366348==    by 0x1096D9: main_loop (in /home/tcensier/Documents/Perso/Minishell_42/minishell)
==3366347==    by 0x4B096BB: _nc_read_entry2 (in /usr/lib/x86_64-linux-gnu/libtinfo.so.6.3)
==3366348==    by 0x1097C3: main (in /home/tcensier/Documents/Perso/Minishell_42/minishell)
==3366347==    by 0x4B09711: ??? (in /usr/lib/x86_64-linux-gnu/libtinfo.so.6.3)
==3366348== 
==3366347==    by 0x4B09866: _nc_setupterm (in /usr/lib/x86_64-linux-gnu/libtinfo.so.6.3)
==3366347==    by 0x4B0A4C9: tgetent_sp (in /usr/lib/x86_64-linux-gnu/libtinfo.so.6.3)
==3366348== 38 bytes in 1 blocks are still reachable in loss record 25 of 93
==3366347==    by 0x48A71CD: _rl_init_terminal_io (in /usr/lib/x86_64-linux-gnu/libreadline.so.8.1)
==3366348==    at 0x4848899: malloc (in /usr/libexec/valgrind/vgpreload_memcheck-amd64-linux.so)
==3366347==    by 0x4893A0F: rl_initialize (in /usr/lib/x86_64-linux-gnu/libreadline.so.8.1)
==3366348==    by 0x48ABBAC: xmalloc (in /usr/lib/x86_64-linux-gnu/libreadline.so.8.1)
==3366347==    by 0x4893CD4: readline (in /usr/lib/x86_64-linux-gnu/libreadline.so.8.1)
==3366348==    by 0x4889694: readline_internal_teardown (in /usr/lib/x86_64-linux-gnu/libreadline.so.8.1)
==3366347== 
==3366348==    by 0x4893D2A: readline (in /usr/lib/x86_64-linux-gnu/libreadline.so.8.1)
==3366348==    by 0x10964C: main_loop (in /home/tcensier/Documents/Perso/Minishell_42/minishell)
==3366347== 168 bytes in 1 blocks are still reachable in loss record 46 of 93
==3366348==    by 0x1097C3: main (in /home/tcensier/Documents/Perso/Minishell_42/minishell)
==3366347==    at 0x484DA83: calloc (in /usr/libexec/valgrind/vgpreload_memcheck-amd64-linux.so)
==3366348== 
==3366347==    by 0x4B01CCD: ??? (in /usr/lib/x86_64-linux-gnu/libtinfo.so.6.3)
==3366347==    by 0x4B05098: _nc_tiparm (in /usr/lib/x86_64-linux-gnu/libtinfo.so.6.3)
==3366348== 40 bytes in 1 blocks are still reachable in loss record 26 of 93
==3366347==    by 0x4B0BC7D: ??? (in /usr/lib/x86_64-linux-gnu/libtinfo.so.6.3)
==3366348==    at 0x4848899: malloc (in /usr/libexec/valgrind/vgpreload_memcheck-amd64-linux.so)
==3366347==    by 0x4B0BD09: _nc_trim_sgr0 (in /usr/lib/x86_64-linux-gnu/libtinfo.so.6.3)
==3366348==    by 0x10A1E2: configure_redirections (in /home/tcensier/Documents/Perso/Minishell_42/minishell)
==3366347==    by 0x4B0A6A8: tgetent_sp (in /usr/lib/x86_64-linux-gnu/libtinfo.so.6.3)
==3366348==    by 0x10CB5A: build_command (in /home/tcensier/Documents/Perso/Minishell_42/minishell)
==3366347==    by 0x48A71CD: _rl_init_terminal_io (in /usr/lib/x86_64-linux-gnu/libreadline.so.8.1)
==3366348==    by 0x10CCE0: command_builder (in /home/tcensier/Documents/Perso/Minishell_42/minishell)
==3366347==    by 0x4893A0F: rl_initialize (in /usr/lib/x86_64-linux-gnu/libreadline.so.8.1)
==3366348==    by 0x109605: parse_input (in /home/tcensier/Documents/Perso/Minishell_42/minishell)
==3366347==    by 0x4893CD4: readline (in /usr/lib/x86_64-linux-gnu/libreadline.so.8.1)
==3366348==    by 0x1096D9: main_loop (in /home/tcensier/Documents/Perso/Minishell_42/minishell)
==3366347==    by 0x10964C: main_loop (in /home/tcensier/Documents/Perso/Minishell_42/minishell)
==3366348==    by 0x1097C3: main (in /home/tcensier/Documents/Perso/Minishell_42/minishell)
==3366347==    by 0x1097C3: main (in /home/tcensier/Documents/Perso/Minishell_42/minishell)
==3366348== 
==3366347== 
==3366348== 40 bytes in 2 blocks are still reachable in loss record 27 of 93
==3366347== 256 bytes in 1 blocks are still reachable in loss record 47 of 93
==3366348==    at 0x4848899: malloc (in /usr/libexec/valgrind/vgpreload_memcheck-amd64-linux.so)
==3366347==    at 0x4848899: malloc (in /usr/libexec/valgrind/vgpreload_memcheck-amd64-linux.so)
==3366348==    by 0x10C995: configure_command_data (in /home/tcensier/Documents/Perso/Minishell_42/minishell)
==3366347==    by 0x48ABBAC: xmalloc (in /usr/lib/x86_64-linux-gnu/libreadline.so.8.1)
==3366348==    by 0x10CBDC: build_command (in /home/tcensier/Documents/Perso/Minishell_42/minishell)
==3366347==    by 0x4893C86: rl_initialize (in /usr/lib/x86_64-linux-gnu/libreadline.so.8.1)
==3366348==    by 0x10CCE0: command_builder (in /home/tcensier/Documents/Perso/Minishell_42/minishell)
==3366347==    by 0x4893CD4: readline (in /usr/lib/x86_64-linux-gnu/libreadline.so.8.1)
==3366348==    by 0x109605: parse_input (in /home/tcensier/Documents/Perso/Minishell_42/minishell)
==3366347==    by 0x10964C: main_loop (in /home/tcensier/Documents/Perso/Minishell_42/minishell)
==3366348==    by 0x1096D9: main_loop (in /home/tcensier/Documents/Perso/Minishell_42/minishell)
==3366347==    by 0x1097C3: main (in /home/tcensier/Documents/Perso/Minishell_42/minishell)
==3366348==    by 0x1097C3: main (in /home/tcensier/Documents/Perso/Minishell_42/minishell)
==3366347== 
==3366348== 
==3366347== 600 bytes in 1 blocks are still reachable in loss record 48 of 93
==3366348== 40 bytes in 11 blocks are still reachable in loss record 28 of 93
==3366347==    at 0x4848899: malloc (in /usr/libexec/valgrind/vgpreload_memcheck-amd64-linux.so)
==3366348==    at 0x4848899: malloc (in /usr/libexec/valgrind/vgpreload_memcheck-amd64-linux.so)
==3366347==    by 0x10FDD0: save_env (in /home/tcensier/Documents/Perso/Minishell_42/minishell)
==3366348==    by 0x111A42: ft_strdup (in /home/tcensier/Documents/Perso/Minishell_42/minishell)
==3366347==    by 0x10FFC9: envcpy (in /home/tcensier/Documents/Perso/Minishell_42/minishell)
==3366348==    by 0x10B921: remove_outer_quotes (in /home/tcensier/Documents/Perso/Minishell_42/minishell)
==3366347==    by 0x1097B7: main (in /home/tcensier/Documents/Perso/Minishell_42/minishell)
==3366348==    by 0x10CB8D: build_command (in /home/tcensier/Documents/Perso/Minishell_42/minishell)
==3366347== 
==3366348==    by 0x10CCE0: command_builder (in /home/tcensier/Documents/Perso/Minishell_42/minishell)
==3366348==    by 0x109605: parse_input (in /home/tcensier/Documents/Perso/Minishell_42/minishell)
==3366347== 608 bytes in 1 blocks are still reachable in loss record 49 of 93
==3366348==    by 0x1096D9: main_loop (in /home/tcensier/Documents/Perso/Minishell_42/minishell)
==3366347==    at 0x484DA83: calloc (in /usr/libexec/valgrind/vgpreload_memcheck-amd64-linux.so)
==3366348==    by 0x1097C3: main (in /home/tcensier/Documents/Perso/Minishell_42/minishell)
==3366347==    by 0x4B0937E: _nc_read_termtype (in /usr/lib/x86_64-linux-gnu/libtinfo.so.6.3)
==3366348== 
==3366347==    by 0x4B0952A: ??? (in /usr/lib/x86_64-linux-gnu/libtinfo.so.6.3)
==3366347==    by 0x4B0BC40: ??? (in /usr/lib/x86_64-linux-gnu/libtinfo.so.6.3)
==3366348== 44 bytes in 1 blocks are still reachable in loss record 29 of 93
==3366347==    by 0x4B096BB: _nc_read_entry2 (in /usr/lib/x86_64-linux-gnu/libtinfo.so.6.3)
==3366348==    at 0x484DCD3: realloc (in /usr/libexec/valgrind/vgpreload_memcheck-amd64-linux.so)
==3366347==    by 0x4B09711: ??? (in /usr/lib/x86_64-linux-gnu/libtinfo.so.6.3)
==3366347==    by 0x4B09866: _nc_setupterm (in /usr/lib/x86_64-linux-gnu/libtinfo.so.6.3)
==3366348==    by 0x49DB9AC: getcwd (getcwd.c:86)
==3366347==    by 0x4B0A4C9: tgetent_sp (in /usr/lib/x86_64-linux-gnu/libtinfo.so.6.3)
==3366348==    by 0x10956F: set_hd_path (in /home/tcensier/Documents/Perso/Minishell_42/minishell)
==3366347==    by 0x48A71CD: _rl_init_terminal_io (in /usr/lib/x86_64-linux-gnu/libreadline.so.8.1)
==3366348==    by 0x1096BA: main_loop (in /home/tcensier/Documents/Perso/Minishell_42/minishell)
==3366347==    by 0x4893A0F: rl_initialize (in /usr/lib/x86_64-linux-gnu/libreadline.so.8.1)
==3366348==    by 0x1097C3: main (in /home/tcensier/Documents/Perso/Minishell_42/minishell)
==3366347==    by 0x4893CD4: readline (in /usr/lib/x86_64-linux-gnu/libreadline.so.8.1)
==3366348== 
==3366347==    by 0x10964C: main_loop (in /home/tcensier/Documents/Perso/Minishell_42/minishell)
==3366347== 
==3366348== 46 bytes in 1 blocks are still reachable in loss record 30 of 93
==3366347== 608 bytes in 1 blocks are still reachable in loss record 50 of 93
==3366348==    at 0x484DCD3: realloc (in /usr/libexec/valgrind/vgpreload_memcheck-amd64-linux.so)
==3366347==    at 0x4848899: malloc (in /usr/libexec/valgrind/vgpreload_memcheck-amd64-linux.so)
==3366348==    by 0x4AFE6CC: _nc_doalloc (in /usr/lib/x86_64-linux-gnu/libtinfo.so.6.3)
==3366347==    by 0x4AFE119: ??? (in /usr/lib/x86_64-linux-gnu/libtinfo.so.6.3)
==3366348==    by 0x4B0916F: _nc_read_termtype (in /usr/lib/x86_64-linux-gnu/libtinfo.so.6.3)
==3366347==    by 0x4B0987D: _nc_setupterm (in /usr/lib/x86_64-linux-gnu/libtinfo.so.6.3)
==3366348==    by 0x4B0952A: ??? (in /usr/lib/x86_64-linux-gnu/libtinfo.so.6.3)
==3366347==    by 0x4B0A4C9: tgetent_sp (in /usr/lib/x86_64-linux-gnu/libtinfo.so.6.3)
==3366348==    by 0x4B0BC40: ??? (in /usr/lib/x86_64-linux-gnu/libtinfo.so.6.3)
==3366347==    by 0x48A71CD: _rl_init_terminal_io (in /usr/lib/x86_64-linux-gnu/libreadline.so.8.1)
==3366348==    by 0x4B096BB: _nc_read_entry2 (in /usr/lib/x86_64-linux-gnu/libtinfo.so.6.3)
==3366347==    by 0x4893A0F: rl_initialize (in /usr/lib/x86_64-linux-gnu/libreadline.so.8.1)
==3366348==    by 0x4B09711: ??? (in /usr/lib/x86_64-linux-gnu/libtinfo.so.6.3)
==3366347==    by 0x4893CD4: readline (in /usr/lib/x86_64-linux-gnu/libreadline.so.8.1)
==3366348==    by 0x4B09866: _nc_setupterm (in /usr/lib/x86_64-linux-gnu/libtinfo.so.6.3)
==3366347==    by 0x10964C: main_loop (in /home/tcensier/Documents/Perso/Minishell_42/minishell)
==3366348==    by 0x4B0A4C9: tgetent_sp (in /usr/lib/x86_64-linux-gnu/libtinfo.so.6.3)
==3366347==    by 0x1097C3: main (in /home/tcensier/Documents/Perso/Minishell_42/minishell)
==3366348==    by 0x48A71CD: _rl_init_terminal_io (in /usr/lib/x86_64-linux-gnu/libreadline.so.8.1)
==3366347== 
==3366348==    by 0x4893A0F: rl_initialize (in /usr/lib/x86_64-linux-gnu/libreadline.so.8.1)
==3366347== 760 bytes in 1 blocks are still reachable in loss record 51 of 93
==3366348==    by 0x4893CD4: readline (in /usr/lib/x86_64-linux-gnu/libreadline.so.8.1)
==3366347==    at 0x484DA83: calloc (in /usr/libexec/valgrind/vgpreload_memcheck-amd64-linux.so)
==3366348== 
==3366347==    by 0x4B09819: _nc_setupterm (in /usr/lib/x86_64-linux-gnu/libtinfo.so.6.3)
==3366347==    by 0x4B0A4C9: tgetent_sp (in /usr/lib/x86_64-linux-gnu/libtinfo.so.6.3)
==3366348== 46 bytes in 1 blocks are still reachable in loss record 31 of 93
==3366347==    by 0x48A71CD: _rl_init_terminal_io (in /usr/lib/x86_64-linux-gnu/libreadline.so.8.1)
==3366348==    at 0x4848899: malloc (in /usr/libexec/valgrind/vgpreload_memcheck-amd64-linux.so)
==3366347==    by 0x4893A0F: rl_initialize (in /usr/lib/x86_64-linux-gnu/libreadline.so.8.1)
==3366348==    by 0x4AFDFDE: ??? (in /usr/lib/x86_64-linux-gnu/libtinfo.so.6.3)
==3366347==    by 0x4893CD4: readline (in /usr/lib/x86_64-linux-gnu/libreadline.so.8.1)
==3366348==    by 0x4B0987D: _nc_setupterm (in /usr/lib/x86_64-linux-gnu/libtinfo.so.6.3)
==3366347==    by 0x10964C: main_loop (in /home/tcensier/Documents/Perso/Minishell_42/minishell)
==3366348==    by 0x4B0A4C9: tgetent_sp (in /usr/lib/x86_64-linux-gnu/libtinfo.so.6.3)
==3366347==    by 0x1097C3: main (in /home/tcensier/Documents/Perso/Minishell_42/minishell)
==3366348==    by 0x48A71CD: _rl_init_terminal_io (in /usr/lib/x86_64-linux-gnu/libreadline.so.8.1)
==3366347== 
==3366348==    by 0x4893A0F: rl_initialize (in /usr/lib/x86_64-linux-gnu/libreadline.so.8.1)
==3366347== 940 bytes in 1 blocks are still reachable in loss record 52 of 93
==3366348==    by 0x4893CD4: readline (in /usr/lib/x86_64-linux-gnu/libreadline.so.8.1)
==3366347==    at 0x4848899: malloc (in /usr/libexec/valgrind/vgpreload_memcheck-amd64-linux.so)
==3366348==    by 0x10964C: main_loop (in /home/tcensier/Documents/Perso/Minishell_42/minishell)
==3366347==    by 0x4B09287: _nc_read_termtype (in /usr/lib/x86_64-linux-gnu/libtinfo.so.6.3)
==3366348==    by 0x1097C3: main (in /home/tcensier/Documents/Perso/Minishell_42/minishell)
==3366347==    by 0x4B0952A: ??? (in /usr/lib/x86_64-linux-gnu/libtinfo.so.6.3)
==3366348== 
==3366347==    by 0x4B0BC40: ??? (in /usr/lib/x86_64-linux-gnu/libtinfo.so.6.3)
==3366347==    by 0x4B096BB: _nc_read_entry2 (in /usr/lib/x86_64-linux-gnu/libtinfo.so.6.3)
==3366348== 48 bytes in 1 blocks are still reachable in loss record 32 of 93
==3366347==    by 0x4B09711: ??? (in /usr/lib/x86_64-linux-gnu/libtinfo.so.6.3)
==3366348==    at 0x484DA83: calloc (in /usr/libexec/valgrind/vgpreload_memcheck-amd64-linux.so)
==3366347==    by 0x4B09866: _nc_setupterm (in /usr/lib/x86_64-linux-gnu/libtinfo.so.6.3)
==3366348==    by 0x4AFF833: _nc_first_db (in /usr/lib/x86_64-linux-gnu/libtinfo.so.6.3)
==3366347==    by 0x4B0A4C9: tgetent_sp (in /usr/lib/x86_64-linux-gnu/libtinfo.so.6.3)
==3366348==    by 0x4B09696: _nc_read_entry2 (in /usr/lib/x86_64-linux-gnu/libtinfo.so.6.3)
==3366347==    by 0x48A71CD: _rl_init_terminal_io (in /usr/lib/x86_64-linux-gnu/libreadline.so.8.1)
==3366348==    by 0x4B09711: ??? (in /usr/lib/x86_64-linux-gnu/libtinfo.so.6.3)
==3366347==    by 0x4893A0F: rl_initialize (in /usr/lib/x86_64-linux-gnu/libreadline.so.8.1)
==3366348==    by 0x4B09866: _nc_setupterm (in /usr/lib/x86_64-linux-gnu/libtinfo.so.6.3)
==3366347==    by 0x4893CD4: readline (in /usr/lib/x86_64-linux-gnu/libreadline.so.8.1)
==3366348==    by 0x4B0A4C9: tgetent_sp (in /usr/lib/x86_64-linux-gnu/libtinfo.so.6.3)
==3366347==    by 0x10964C: main_loop (in /home/tcensier/Documents/Perso/Minishell_42/minishell)
==3366348==    by 0x48A71CD: _rl_init_terminal_io (in /usr/lib/x86_64-linux-gnu/libreadline.so.8.1)
==3366347== 
==3366348==    by 0x4893A0F: rl_initialize (in /usr/lib/x86_64-linux-gnu/libreadline.so.8.1)
==3366348==    by 0x4893CD4: readline (in /usr/lib/x86_64-linux-gnu/libreadline.so.8.1)
==3366347== 1,024 bytes in 1 blocks are still reachable in loss record 53 of 93
==3366348==    by 0x10964C: main_loop (in /home/tcensier/Documents/Perso/Minishell_42/minishell)
==3366347==    at 0x4848899: malloc (in /usr/libexec/valgrind/vgpreload_memcheck-amd64-linux.so)
==3366348==    by 0x1097C3: main (in /home/tcensier/Documents/Perso/Minishell_42/minishell)
==3366347==    by 0x48AC4A7: xrealloc (in /usr/lib/x86_64-linux-gnu/libreadline.so.8.1)
==3366348== 
==3366347==    by 0x4895C7B: ??? (in /usr/lib/x86_64-linux-gnu/libreadline.so.8.1)
==3366347==    by 0x4895D67: ??? (in /usr/lib/x86_64-linux-gnu/libreadline.so.8.1)
==3366348== 72 bytes in 3 blocks are still reachable in loss record 33 of 93
==3366347==    by 0x489EC7E: rl_redisplay (in /usr/lib/x86_64-linux-gnu/libreadline.so.8.1)
==3366348==    at 0x4848899: malloc (in /usr/libexec/valgrind/vgpreload_memcheck-amd64-linux.so)
==3366347==    by 0x4889458: readline_internal_setup (in /usr/lib/x86_64-linux-gnu/libreadline.so.8.1)
==3366348==    by 0x10D5E1: create_token (in /home/tcensier/Documents/Perso/Minishell_42/minishell)
==3366347==    by 0x4893CF8: readline (in /usr/lib/x86_64-linux-gnu/libreadline.so.8.1)
==3366348==    by 0x10C161: save_token (in /home/tcensier/Documents/Perso/Minishell_42/minishell)
==3366347==    by 0x10964C: main_loop (in /home/tcensier/Documents/Perso/Minishell_42/minishell)
==3366348==    by 0x10C2B5: tokenize (in /home/tcensier/Documents/Perso/Minishell_42/minishell)
==3366347==    by 0x1097C3: main (in /home/tcensier/Documents/Perso/Minishell_42/minishell)
==3366348==    by 0x10CB09: build_command (in /home/tcensier/Documents/Perso/Minishell_42/minishell)
==3366347== 
==3366348==    by 0x10CCE0: command_builder (in /home/tcensier/Documents/Perso/Minishell_42/minishell)
==3366348==    by 0x109605: parse_input (in /home/tcensier/Documents/Perso/Minishell_42/minishell)
==3366347== 1,024 bytes in 1 blocks are still reachable in loss record 54 of 93
==3366348==    by 0x1096D9: main_loop (in /home/tcensier/Documents/Perso/Minishell_42/minishell)
==3366347==    at 0x4848899: malloc (in /usr/libexec/valgrind/vgpreload_memcheck-amd64-linux.so)
==3366348==    by 0x1097C3: main (in /home/tcensier/Documents/Perso/Minishell_42/minishell)
==3366347==    by 0x48AC4A7: xrealloc (in /usr/lib/x86_64-linux-gnu/libreadline.so.8.1)
==3366348== 
==3366347==    by 0x4895C8B: ??? (in /usr/lib/x86_64-linux-gnu/libreadline.so.8.1)
==3366347==    by 0x4895D67: ??? (in /usr/lib/x86_64-linux-gnu/libreadline.so.8.1)
==3366348== 72 bytes in 6 blocks are still reachable in loss record 34 of 93
==3366347==    by 0x489EC7E: rl_redisplay (in /usr/lib/x86_64-linux-gnu/libreadline.so.8.1)
==3366348==    at 0x4848899: malloc (in /usr/libexec/valgrind/vgpreload_memcheck-amd64-linux.so)
==3366347==    by 0x4889458: readline_internal_setup (in /usr/lib/x86_64-linux-gnu/libreadline.so.8.1)
==3366348==    by 0x48ABBAC: xmalloc (in /usr/lib/x86_64-linux-gnu/libreadline.so.8.1)
==3366347==    by 0x4893CF8: readline (in /usr/lib/x86_64-linux-gnu/libreadline.so.8.1)
==3366348==    by 0x48A4F28: add_history (in /usr/lib/x86_64-linux-gnu/libreadline.so.8.1)
==3366347==    by 0x10964C: main_loop (in /home/tcensier/Documents/Perso/Minishell_42/minishell)
==3366348==    by 0x1096AE: main_loop (in /home/tcensier/Documents/Perso/Minishell_42/minishell)
==3366347==    by 0x1097C3: main (in /home/tcensier/Documents/Perso/Minishell_42/minishell)
==3366348==    by 0x1097C3: main (in /home/tcensier/Documents/Perso/Minishell_42/minishell)
==3366347== 
==3366348== 
==3366347== 1,024 bytes in 1 blocks are still reachable in loss record 55 of 93
==3366348== 78 bytes in 1 blocks are still reachable in loss record 35 of 93
==3366347==    at 0x4848899: malloc (in /usr/libexec/valgrind/vgpreload_memcheck-amd64-linux.so)
==3366348==    at 0x4848899: malloc (in /usr/libexec/valgrind/vgpreload_memcheck-amd64-linux.so)
==3366347==    by 0x48AC4A7: xrealloc (in /usr/lib/x86_64-linux-gnu/libreadline.so.8.1)
==3366348==    by 0x4AFE04B: ??? (in /usr/lib/x86_64-linux-gnu/libtinfo.so.6.3)
==3366347==    by 0x4895CA2: ??? (in /usr/lib/x86_64-linux-gnu/libreadline.so.8.1)
==3366348==    by 0x4B0987D: _nc_setupterm (in /usr/lib/x86_64-linux-gnu/libtinfo.so.6.3)
==3366347==    by 0x4895D67: ??? (in /usr/lib/x86_64-linux-gnu/libreadline.so.8.1)
==3366348==    by 0x4B0A4C9: tgetent_sp (in /usr/lib/x86_64-linux-gnu/libtinfo.so.6.3)
==3366347==    by 0x489EC7E: rl_redisplay (in /usr/lib/x86_64-linux-gnu/libreadline.so.8.1)
==3366348==    by 0x48A71CD: _rl_init_terminal_io (in /usr/lib/x86_64-linux-gnu/libreadline.so.8.1)
==3366347==    by 0x4889458: readline_internal_setup (in /usr/lib/x86_64-linux-gnu/libreadline.so.8.1)
==3366348==    by 0x4893A0F: rl_initialize (in /usr/lib/x86_64-linux-gnu/libreadline.so.8.1)
==3366347==    by 0x4893CF8: readline (in /usr/lib/x86_64-linux-gnu/libreadline.so.8.1)
==3366348==    by 0x4893CD4: readline (in /usr/lib/x86_64-linux-gnu/libreadline.so.8.1)
==3366347==    by 0x10964C: main_loop (in /home/tcensier/Documents/Perso/Minishell_42/minishell)
==3366348==    by 0x10964C: main_loop (in /home/tcensier/Documents/Perso/Minishell_42/minishell)
==3366347==    by 0x1097C3: main (in /home/tcensier/Documents/Perso/Minishell_42/minishell)
==3366348==    by 0x1097C3: main (in /home/tcensier/Documents/Perso/Minishell_42/minishell)
==3366347== 
==3366348== 
==3366347== 1,024 bytes in 1 blocks are still reachable in loss record 56 of 93
==3366348== 88 bytes in 1 blocks are still reachable in loss record 36 of 93
==3366347==    at 0x4848899: malloc (in /usr/libexec/valgrind/vgpreload_memcheck-amd64-linux.so)
==3366348==    at 0x4848899: malloc (in /usr/libexec/valgrind/vgpreload_memcheck-amd64-linux.so)
==3366347==    by 0x48AC4A7: xrealloc (in /usr/lib/x86_64-linux-gnu/libreadline.so.8.1)
==3366348==    by 0x111707: ft_calloc (in /home/tcensier/Documents/Perso/Minishell_42/minishell)
==3366347==    by 0x4895CBB: ??? (in /usr/lib/x86_64-linux-gnu/libreadline.so.8.1)
==3366348==    by 0x10976C: main (in /home/tcensier/Documents/Perso/Minishell_42/minishell)
==3366347==    by 0x4895D67: ??? (in /usr/lib/x86_64-linux-gnu/libreadline.so.8.1)
==3366348== 
==3366347==    by 0x489EC7E: rl_redisplay (in /usr/lib/x86_64-linux-gnu/libreadline.so.8.1)
==3366347==    by 0x4889458: readline_internal_setup (in /usr/lib/x86_64-linux-gnu/libreadline.so.8.1)
==3366348== 93 bytes in 1 blocks are still reachable in loss record 37 of 93
==3366347==    by 0x4893CF8: readline (in /usr/lib/x86_64-linux-gnu/libreadline.so.8.1)
==3366348==    at 0x4848899: malloc (in /usr/libexec/valgrind/vgpreload_memcheck-amd64-linux.so)
==3366347==    by 0x10964C: main_loop (in /home/tcensier/Documents/Perso/Minishell_42/minishell)
==3366348==    by 0x496E58E: strdup (strdup.c:42)
==3366347==    by 0x1097C3: main (in /home/tcensier/Documents/Perso/Minishell_42/minishell)
==3366348==    by 0x4B01D54: ??? (in /usr/lib/x86_64-linux-gnu/libtinfo.so.6.3)
==3366347== 
==3366348==    by 0x4B05098: _nc_tiparm (in /usr/lib/x86_64-linux-gnu/libtinfo.so.6.3)
==3366348==    by 0x4B0BC7D: ??? (in /usr/lib/x86_64-linux-gnu/libtinfo.so.6.3)
==3366347== 1,024 bytes in 1 blocks are still reachable in loss record 57 of 93
==3366348==    by 0x4B0BD09: _nc_trim_sgr0 (in /usr/lib/x86_64-linux-gnu/libtinfo.so.6.3)
==3366347==    at 0x4848899: malloc (in /usr/libexec/valgrind/vgpreload_memcheck-amd64-linux.so)
==3366348==    by 0x4B0A6A8: tgetent_sp (in /usr/lib/x86_64-linux-gnu/libtinfo.so.6.3)
==3366347==    by 0x48ABBAC: xmalloc (in /usr/lib/x86_64-linux-gnu/libreadline.so.8.1)
==3366348==    by 0x48A71CD: _rl_init_terminal_io (in /usr/lib/x86_64-linux-gnu/libreadline.so.8.1)
==3366347==    by 0x4895DC5: ??? (in /usr/lib/x86_64-linux-gnu/libreadline.so.8.1)
==3366348==    by 0x4893A0F: rl_initialize (in /usr/lib/x86_64-linux-gnu/libreadline.so.8.1)
==3366347==    by 0x489EC7E: rl_redisplay (in /usr/lib/x86_64-linux-gnu/libreadline.so.8.1)
==3366348==    by 0x4893CD4: readline (in /usr/lib/x86_64-linux-gnu/libreadline.so.8.1)
==3366347==    by 0x4889458: readline_internal_setup (in /usr/lib/x86_64-linux-gnu/libreadline.so.8.1)
==3366348==    by 0x10964C: main_loop (in /home/tcensier/Documents/Perso/Minishell_42/minishell)
==3366347==    by 0x4893CF8: readline (in /usr/lib/x86_64-linux-gnu/libreadline.so.8.1)
==3366348==    by 0x1097C3: main (in /home/tcensier/Documents/Perso/Minishell_42/minishell)
==3366347==    by 0x10964C: main_loop (in /home/tcensier/Documents/Perso/Minishell_42/minishell)
==3366348== 
==3366347==    by 0x1097C3: main (in /home/tcensier/Documents/Perso/Minishell_42/minishell)
==3366347== 
==3366348== 94 bytes in 1 blocks are still reachable in loss record 38 of 93
==3366348==    at 0x4848899: malloc (in /usr/libexec/valgrind/vgpreload_memcheck-amd64-linux.so)
==3366347== 1,024 bytes in 1 blocks are still reachable in loss record 58 of 93
==3366348==    by 0x4B0195B: _nc_tparm_analyze (in /usr/lib/x86_64-linux-gnu/libtinfo.so.6.3)
==3366347==    at 0x4848899: malloc (in /usr/libexec/valgrind/vgpreload_memcheck-amd64-linux.so)
==3366348==    by 0x4B01C62: ??? (in /usr/lib/x86_64-linux-gnu/libtinfo.so.6.3)
==3366347==    by 0x48ABBAC: xmalloc (in /usr/lib/x86_64-linux-gnu/libreadline.so.8.1)
==3366348==    by 0x4B05098: _nc_tiparm (in /usr/lib/x86_64-linux-gnu/libtinfo.so.6.3)
==3366347==    by 0x4895DDA: ??? (in /usr/lib/x86_64-linux-gnu/libreadline.so.8.1)
==3366348==    by 0x4B0BC7D: ??? (in /usr/lib/x86_64-linux-gnu/libtinfo.so.6.3)
==3366347==    by 0x489EC7E: rl_redisplay (in /usr/lib/x86_64-linux-gnu/libreadline.so.8.1)
==3366348==    by 0x4B0BD09: _nc_trim_sgr0 (in /usr/lib/x86_64-linux-gnu/libtinfo.so.6.3)
==3366347==    by 0x4889458: readline_internal_setup (in /usr/lib/x86_64-linux-gnu/libreadline.so.8.1)
==3366348==    by 0x4B0A6A8: tgetent_sp (in /usr/lib/x86_64-linux-gnu/libtinfo.so.6.3)
==3366347==    by 0x4893CF8: readline (in /usr/lib/x86_64-linux-gnu/libreadline.so.8.1)
==3366348==    by 0x48A71CD: _rl_init_terminal_io (in /usr/lib/x86_64-linux-gnu/libreadline.so.8.1)
==3366347==    by 0x10964C: main_loop (in /home/tcensier/Documents/Perso/Minishell_42/minishell)
==3366348==    by 0x4893A0F: rl_initialize (in /usr/lib/x86_64-linux-gnu/libreadline.so.8.1)
==3366347==    by 0x1097C3: main (in /home/tcensier/Documents/Perso/Minishell_42/minishell)
==3366348==    by 0x4893CD4: readline (in /usr/lib/x86_64-linux-gnu/libreadline.so.8.1)
==3366347== 
==3366348==    by 0x10964C: main_loop (in /home/tcensier/Documents/Perso/Minishell_42/minishell)
==3366348==    by 0x1097C3: main (in /home/tcensier/Documents/Perso/Minishell_42/minishell)
==3366347== 1,024 bytes in 1 blocks are still reachable in loss record 59 of 93
==3366348== 
==3366347==    at 0x4848899: malloc (in /usr/libexec/valgrind/vgpreload_memcheck-amd64-linux.so)
==3366347==    by 0x48ABBAC: xmalloc (in /usr/lib/x86_64-linux-gnu/libreadline.so.8.1)
==3366348== 96 bytes in 1 blocks are still reachable in loss record 39 of 93
==3366347==    by 0x4895DE8: ??? (in /usr/lib/x86_64-linux-gnu/libreadline.so.8.1)
==3366348==    at 0x4848899: malloc (in /usr/libexec/valgrind/vgpreload_memcheck-amd64-linux.so)
==3366347==    by 0x489EC7E: rl_redisplay (in /usr/lib/x86_64-linux-gnu/libreadline.so.8.1)
==3366348==    by 0x4AFF79A: _nc_first_db (in /usr/lib/x86_64-linux-gnu/libtinfo.so.6.3)
==3366347==    by 0x4889458: readline_internal_setup (in /usr/lib/x86_64-linux-gnu/libreadline.so.8.1)
==3366348==    by 0x4B09696: _nc_read_entry2 (in /usr/lib/x86_64-linux-gnu/libtinfo.so.6.3)
==3366347==    by 0x4893CF8: readline (in /usr/lib/x86_64-linux-gnu/libreadline.so.8.1)
==3366348==    by 0x4B09711: ??? (in /usr/lib/x86_64-linux-gnu/libtinfo.so.6.3)
==3366347==    by 0x10964C: main_loop (in /home/tcensier/Documents/Perso/Minishell_42/minishell)
==3366348==    by 0x4B09866: _nc_setupterm (in /usr/lib/x86_64-linux-gnu/libtinfo.so.6.3)
==3366347==    by 0x1097C3: main (in /home/tcensier/Documents/Perso/Minishell_42/minishell)
==3366348==    by 0x4B0A4C9: tgetent_sp (in /usr/lib/x86_64-linux-gnu/libtinfo.so.6.3)
==3366347== 
==3366348==    by 0x48A71CD: _rl_init_terminal_io (in /usr/lib/x86_64-linux-gnu/libreadline.so.8.1)
==3366348==    by 0x4893A0F: rl_initialize (in /usr/lib/x86_64-linux-gnu/libreadline.so.8.1)
==3366347== 1,024 bytes in 1 blocks are still reachable in loss record 60 of 93
==3366348==    by 0x4893CD4: readline (in /usr/lib/x86_64-linux-gnu/libreadline.so.8.1)
==3366347==    at 0x4848899: malloc (in /usr/libexec/valgrind/vgpreload_memcheck-amd64-linux.so)
==3366348==    by 0x10964C: main_loop (in /home/tcensier/Documents/Perso/Minishell_42/minishell)
==3366347==    by 0x48ABBAC: xmalloc (in /usr/lib/x86_64-linux-gnu/libreadline.so.8.1)
==3366348==    by 0x1097C3: main (in /home/tcensier/Documents/Perso/Minishell_42/minishell)
==3366347==    by 0x4895DF6: ??? (in /usr/lib/x86_64-linux-gnu/libreadline.so.8.1)
==3366348== 
==3366347==    by 0x489EC7E: rl_redisplay (in /usr/lib/x86_64-linux-gnu/libreadline.so.8.1)
==3366347==    by 0x4889458: readline_internal_setup (in /usr/lib/x86_64-linux-gnu/libreadline.so.8.1)
==3366348== 96 bytes in 4 blocks are still reachable in loss record 40 of 93
==3366347==    by 0x4893CF8: readline (in /usr/lib/x86_64-linux-gnu/libreadline.so.8.1)
==3366348==    at 0x4848899: malloc (in /usr/libexec/valgrind/vgpreload_memcheck-amd64-linux.so)
==3366347==    by 0x10964C: main_loop (in /home/tcensier/Documents/Perso/Minishell_42/minishell)
==3366348==    by 0x10D5E1: create_token (in /home/tcensier/Documents/Perso/Minishell_42/minishell)
==3366347==    by 0x1097C3: main (in /home/tcensier/Documents/Perso/Minishell_42/minishell)
==3366348==    by 0x10C5AC: save_redir (in /home/tcensier/Documents/Perso/Minishell_42/minishell)
==3366347== 
